// Jest Snapshot v1, https://goo.gl/fbAQLP

exports[`<JobTable /> renders correctly without items 1`] = `
<Segment>
  There are no jobs at this time.
</Segment>
`;

exports[`<JobTable /> renders items correctly 1`] = `
<Table
  as="table"
  inverted={true}
>
  <TableHeader
    as="thead"
  >
    <TableRow
      as="tr"
      cellAs="td"
    >
      <TableHeaderCell
        as="th"
      >
        Name
      </TableHeaderCell>
      <TableHeaderCell
        as="th"
      >
        Workspace
      </TableHeaderCell>
      <TableHeaderCell
        as="th"
      >
        Repository
      </TableHeaderCell>
      <TableHeaderCell
        as="th"
      >
        Reference
      </TableHeaderCell>
      <TableHeaderCell
        as="th"
      >
        Created At
      </TableHeaderCell>
      <TableHeaderCell
        as="th"
      >
        Updated At
      </TableHeaderCell>
      <TableHeaderCell
        as="th"
      >
        Priority
      </TableHeaderCell>
      <TableHeaderCell
        as="th"
      >
        Status
      </TableHeaderCell>
      <TableHeaderCell
        as="th"
        width="2"
      />
    </TableRow>
  </TableHeader>
  <TableBody
    as="tbody"
  >
    <ForwardRef(Relay(JobTableRow))
      item={
        Object {
          " $fragmentRefs": null,
          " $refType": null,
          "id": "id1",
        }
      }
      key="id1"
      onStop={[MockFunction]}
    />
    <ForwardRef(Relay(JobTableRow))
      item={
        Object {
          " $fragmentRefs": null,
          " $refType": null,
          "id": "id2",
        }
      }
      key="id2"
      onStop={[MockFunction]}
    />
  </TableBody>
</Table>
`;
